core_cm4.h:1688:22:__NVIC_EnableIRQ	16	static
core_cm4.h:1816:22:__NVIC_SetPriority	16	static
main.c:68:5:main	80	static
main.c:202:13:drive	16	static
main.c:208:13:pinSetup	4	static
main.c:218:13:timer2Setup	4	static
main.c:227:13:timer4Setup	4	static
main.c:256:13:MX_TIM15_Init	8	static
main.c:305:13:setDutyCycleChannel1	24	static
main.c:312:13:setDutyCycleChannel2	24	static
main.c:319:13:timer2ChannelSetup	4	static
main.c:338:13:rotateVehicle	32	static
main.c:361:6:TIM3_C1_Init	8	static
main.c:391:6:TIM3_IRQHandler	4	static
main.c:421:6:TIM1_BRK_TIM15_IRQHandler	16	static
main.c:481:6:SystemClock_Config	160	static
main.c:522:13:MX_USART1_UART_Init	8	static
main.c:552:13:MX_SPI2_Init	8	static
main.c:579:13:MX_GPIO_Init	48	static
main.c:621:7:map	32	static
main.c:631:6:Error_Handler	4	static,ignoring_inline_asm
