core_cm4.h:1688:22:__NVIC_EnableIRQ	16	static
core_cm4.h:1816:22:__NVIC_SetPriority	16	static
main.c:43:5:main	24	static
main.c:94:13:drive	16	static
main.c:100:13:pinSetup	4	static
main.c:110:13:timerSetup	4	static
main.c:119:13:timer4Setup	4	static
main.c:143:13:setDutyCycleChannel1	24	static
main.c:150:13:setDutyCycleChannel2	24	static
main.c:157:13:timerOutputSetup	4	static
main.c:183:13:rotateVehicle	32	static
main.c:206:6:TIM3_C1_Init	8	static
main.c:237:6:TIM2_C3_Init	4	static
main.c:267:6:TIM3_IRQHandler	4	static
main.c:297:6:SystemClock_Config	160	static
main.c:343:13:MX_USART2_UART_Init	8	static
main.c:378:13:MX_GPIO_Init	48	static
main.c:414:6:Error_Handler	4	static,ignoring_inline_asm
