core_cm4.h:1688:22:__NVIC_EnableIRQ	16	static
core_cm4.h:1816:22:__NVIC_SetPriority	16	static
main.c:50:5:main	72	static
main.c:121:13:drive	16	static
main.c:127:13:pinSetup	4	static
main.c:137:13:timer2Setup	4	static
main.c:146:13:timer4Setup	4	static
main.c:175:13:MX_TIM15_Init	8	static
main.c:224:13:setDutyCycleChannel1	24	static
main.c:231:13:setDutyCycleChannel2	24	static
main.c:238:13:timer2ChannelSetup	4	static
main.c:257:13:rotateVehicle	32	static
main.c:280:6:TIM3_C1_Init	8	static
main.c:310:6:TIM3_IRQHandler	4	static
main.c:340:6:TIM1_BRK_TIM15_IRQHandler	4	static
main.c:389:6:SystemClock_Config	160	static
main.c:435:13:MX_USART2_UART_Init	8	static
main.c:465:13:MX_SPI2_Init	8	static
main.c:492:13:MX_GPIO_Init	48	static
main.c:541:6:Error_Handler	4	static,ignoring_inline_asm
