Archive member included to satisfy reference by file (symbol)

c:/st/stm32cubeide_1.5.1/stm32cubeide/plugins/com.st.stm32cube.ide.mcu.externaltools.gnu-tools-for-stm32.7-2018-q2-update.win32_1.5.0.202011040924/tools/bin/../lib/gcc/arm-none-eabi/7.3.1/../../../../arm-none-eabi/lib/thumb/v7e-m/fpv4-sp/hard\libc_nano.a(lib_a-errno.o)
                              Core/Src/syscalls.o (__errno)
c:/st/stm32cubeide_1.5.1/stm32cubeide/plugins/com.st.stm32cube.ide.mcu.externaltools.gnu-tools-for-stm32.7-2018-q2-update.win32_1.5.0.202011040924/tools/bin/../lib/gcc/arm-none-eabi/7.3.1/../../../../arm-none-eabi/lib/thumb/v7e-m/fpv4-sp/hard\libc_nano.a(lib_a-exit.o)
                              c:/st/stm32cubeide_1.5.1/stm32cubeide/plugins/com.st.stm32cube.ide.mcu.externaltools.gnu-tools-for-stm32.7-2018-q2-update.win32_1.5.0.202011040924/tools/bin/../lib/gcc/arm-none-eabi/7.3.1/../../../../arm-none-eabi/lib/thumb/v7e-m/fpv4-sp/hard/crt0.o (exit)
c:/st/stm32cubeide_1.5.1/stm32cubeide/plugins/com.st.stm32cube.ide.mcu.externaltools.gnu-tools-for-stm32.7-2018-q2-update.win32_1.5.0.202011040924/tools/bin/../lib/gcc/arm-none-eabi/7.3.1/../../../../arm-none-eabi/lib/thumb/v7e-m/fpv4-sp/hard\libc_nano.a(lib_a-impure.o)
                              c:/st/stm32cubeide_1.5.1/stm32cubeide/plugins/com.st.stm32cube.ide.mcu.externaltools.gnu-tools-for-stm32.7-2018-q2-update.win32_1.5.0.202011040924/tools/bin/../lib/gcc/arm-none-eabi/7.3.1/../../../../arm-none-eabi/lib/thumb/v7e-m/fpv4-sp/hard\libc_nano.a(lib_a-exit.o) (_global_impure_ptr)
c:/st/stm32cubeide_1.5.1/stm32cubeide/plugins/com.st.stm32cube.ide.mcu.externaltools.gnu-tools-for-stm32.7-2018-q2-update.win32_1.5.0.202011040924/tools/bin/../lib/gcc/arm-none-eabi/7.3.1/../../../../arm-none-eabi/lib/thumb/v7e-m/fpv4-sp/hard\libc_nano.a(lib_a-init.o)
                              c:/st/stm32cubeide_1.5.1/stm32cubeide/plugins/com.st.stm32cube.ide.mcu.externaltools.gnu-tools-for-stm32.7-2018-q2-update.win32_1.5.0.202011040924/tools/bin/../lib/gcc/arm-none-eabi/7.3.1/../../../../arm-none-eabi/lib/thumb/v7e-m/fpv4-sp/hard/crt0.o (__libc_init_array)
c:/st/stm32cubeide_1.5.1/stm32cubeide/plugins/com.st.stm32cube.ide.mcu.externaltools.gnu-tools-for-stm32.7-2018-q2-update.win32_1.5.0.202011040924/tools/bin/../lib/gcc/arm-none-eabi/7.3.1/../../../../arm-none-eabi/lib/thumb/v7e-m/fpv4-sp/hard\libc_nano.a(lib_a-memset.o)
                              c:/st/stm32cubeide_1.5.1/stm32cubeide/plugins/com.st.stm32cube.ide.mcu.externaltools.gnu-tools-for-stm32.7-2018-q2-update.win32_1.5.0.202011040924/tools/bin/../lib/gcc/arm-none-eabi/7.3.1/../../../../arm-none-eabi/lib/thumb/v7e-m/fpv4-sp/hard/crt0.o (memset)
c:/st/stm32cubeide_1.5.1/stm32cubeide/plugins/com.st.stm32cube.ide.mcu.externaltools.gnu-tools-for-stm32.7-2018-q2-update.win32_1.5.0.202011040924/tools/bin/../lib/gcc/arm-none-eabi/7.3.1/thumb/v7e-m/fpv4-sp/hard\libgcc.a(_arm_addsubdf3.o)
                              Core/Src/main.o (__aeabi_dadd)
c:/st/stm32cubeide_1.5.1/stm32cubeide/plugins/com.st.stm32cube.ide.mcu.externaltools.gnu-tools-for-stm32.7-2018-q2-update.win32_1.5.0.202011040924/tools/bin/../lib/gcc/arm-none-eabi/7.3.1/thumb/v7e-m/fpv4-sp/hard\libgcc.a(_arm_muldivdf3.o)
                              Core/Src/main.o (__aeabi_dmul)
c:/st/stm32cubeide_1.5.1/stm32cubeide/plugins/com.st.stm32cube.ide.mcu.externaltools.gnu-tools-for-stm32.7-2018-q2-update.win32_1.5.0.202011040924/tools/bin/../lib/gcc/arm-none-eabi/7.3.1/thumb/v7e-m/fpv4-sp/hard\libgcc.a(_arm_cmpdf2.o)
                              Core/Src/main.o (__aeabi_dcmplt)
c:/st/stm32cubeide_1.5.1/stm32cubeide/plugins/com.st.stm32cube.ide.mcu.externaltools.gnu-tools-for-stm32.7-2018-q2-update.win32_1.5.0.202011040924/tools/bin/../lib/gcc/arm-none-eabi/7.3.1/thumb/v7e-m/fpv4-sp/hard\libgcc.a(_arm_fixdfsi.o)
                              Core/Src/main.o (__aeabi_d2iz)
c:/st/stm32cubeide_1.5.1/stm32cubeide/plugins/com.st.stm32cube.ide.mcu.externaltools.gnu-tools-for-stm32.7-2018-q2-update.win32_1.5.0.202011040924/tools/bin/../lib/gcc/arm-none-eabi/7.3.1/thumb/v7e-m/fpv4-sp/hard\libgcc.a(_arm_fixunsdfsi.o)
                              Core/Src/main.o (__aeabi_d2uiz)

Allocating common symbols
Common symbol       size              file

uwTick              0x4               Drivers/STM32F3xx_HAL_Driver/Src/stm32f3xx_hal.o
pFlash              0x20              Drivers/STM32F3xx_HAL_Driver/Src/stm32f3xx_hal_flash.o
huart2              0x84              Core/Src/main.o

Discarded input sections

 .text          0x0000000000000000        0x0 c:/st/stm32cubeide_1.5.1/stm32cubeide/plugins/com.st.stm32cube.ide.mcu.externaltools.gnu-tools-for-stm32.7-2018-q2-update.win32_1.5.0.202011040924/tools/bin/../lib/gcc/arm-none-eabi/7.3.1/thumb/v7e-m/fpv4-sp/hard/crti.o
[...]
Memory Configuration

Name             Origin             Length             Attributes
CCMRAM           0x0000000010000000 0x0000000000004000 xrw
RAM              0x0000000020000000 0x0000000000010000 xrw
FLASH            0x0000000008000000 0x0000000000080000 xr
*default*        0x0000000000000000 0xffffffffffffffff

Linker script and memory map

LOAD c:/st/stm32cubeide_1.5.1/stm32cubeide/plugins/com.st.stm32cube.ide.mcu.externaltools.gnu-tools-for-stm32.7-2018-q2-update.win32_1.5.0.202011040924/tools/bin/../lib/gcc/arm-none-eabi/7.3.1/thumb/v7e-m/fpv4-sp/hard/crti.o
LOAD c:/st/stm32cubeide_1.5.1/stm32cubeide/plugins/com.st.stm32cube.ide.mcu.externaltools.gnu-tools-for-stm32.7-2018-q2-update.win32_1.5.0.202011040924/tools/bin/../lib/gcc/arm-none-eabi/7.3.1/thumb/v7e-m/fpv4-sp/hard/crtbegin.o
LOAD c:/st/stm32cubeide_1.5.1/stm32cubeide/plugins/com.st.stm32cube.ide.mcu.externaltools.gnu-tools-for-stm32.7-2018-q2-update.win32_1.5.0.202011040924/tools/bin/../lib/gcc/arm-none-eabi/7.3.1/../../../../arm-none-eabi/lib/thumb/v7e-m/fpv4-sp/hard/crt0.o
LOAD Core/Src/main.o
LOAD Core/Src/stm32f3xx_hal_msp.o
LOAD Core/Src/stm32f3xx_it.o
LOAD Core/Src/syscalls.o
LOAD Core/Src/sysmem.o
LOAD Core/Src/system_stm32f3xx.o
LOAD Core/Startup/startup_stm32f303retx.o
LOAD Drivers/STM32F3xx_HAL_Driver/Src/stm32f3xx_hal.o
LOAD Drivers/STM32F3xx_HAL_Driver/Src/stm32f3xx_hal_cortex.o
LOAD Drivers/STM32F3xx_HAL_Driver/Src/stm32f3xx_hal_dma.o
LOAD Drivers/STM32F3xx_HAL_Driver/Src/stm32f3xx_hal_exti.o
LOAD Drivers/STM32F3xx_HAL_Driver/Src/stm32f3xx_hal_flash.o
LOAD Drivers/STM32F3xx_HAL_Driver/Src/stm32f3xx_hal_flash_ex.o
LOAD Drivers/STM32F3xx_HAL_Driver/Src/stm32f3xx_hal_gpio.o
LOAD Drivers/STM32F3xx_HAL_Driver/Src/stm32f3xx_hal_i2c.o
LOAD Drivers/STM32F3xx_HAL_Driver/Src/stm32f3xx_hal_i2c_ex.o
LOAD Drivers/STM32F3xx_HAL_Driver/Src/stm32f3xx_hal_pwr.o
LOAD Drivers/STM32F3xx_HAL_Driver/Src/stm32f3xx_hal_pwr_ex.o
LOAD Drivers/STM32F3xx_HAL_Driver/Src/stm32f3xx_hal_rcc.o
LOAD Drivers/STM32F3xx_HAL_Driver/Src/stm32f3xx_hal_rcc_ex.o
LOAD Drivers/STM32F3xx_HAL_Driver/Src/stm32f3xx_hal_tim.o
LOAD Drivers/STM32F3xx_HAL_Driver/Src/stm32f3xx_hal_tim_ex.o
LOAD Drivers/STM32F3xx_HAL_Driver/Src/stm32f3xx_hal_uart.o
LOAD Drivers/STM32F3xx_HAL_Driver/Src/stm32f3xx_hal_uart_ex.o
START GROUP
LOAD c:/st/stm32cubeide_1.5.1/stm32cubeide/plugins/com.st.stm32cube.ide.mcu.externaltools.gnu-tools-for-stm32.7-2018-q2-update.win32_1.5.0.202011040924/tools/bin/../lib/gcc/arm-none-eabi/7.3.1/../../../../arm-none-eabi/lib/thumb/v7e-m/fpv4-sp/hard\libc_nano.a
LOAD c:/st/stm32cubeide_1.5.1/stm32cubeide/plugins/com.st.stm32cube.ide.mcu.externaltools.gnu-tools-for-stm32.7-2018-q2-update.win32_1.5.0.202011040924/tools/bin/../lib/gcc/arm-none-eabi/7.3.1/../../../../arm-none-eabi/lib/thumb/v7e-m/fpv4-sp/hard\libm.a
END GROUP
START GROUP
LOAD c:/st/stm32cubeide_1.5.1/stm32cubeide/plugins/com.st.stm32cube.ide.mcu.externaltools.gnu-tools-for-stm32.7-2018-q2-update.win32_1.5.0.202011040924/tools/bin/../lib/gcc/arm-none-eabi/7.3.1/thumb/v7e-m/fpv4-sp/hard\libgcc.a
LOAD c:/st/stm32cubeide_1.5.1/stm32cubeide/plugins/com.st.stm32cube.ide.mcu.externaltools.gnu-tools-for-stm32.7-2018-q2-update.win32_1.5.0.202011040924/tools/bin/../lib/gcc/arm-none-eabi/7.3.1/../../../../arm-none-eabi/lib/thumb/v7e-m/fpv4-sp/hard\libc_nano.a
END GROUP
START GROUP
LOAD c:/st/stm32cubeide_1.5.1/stm32cubeide/plugins/com.st.stm32cube.ide.mcu.externaltools.gnu-tools-for-stm32.7-2018-q2-update.win32_1.5.0.202011040924/tools/bin/../lib/gcc/arm-none-eabi/7.3.1/thumb/v7e-m/fpv4-sp/hard\libgcc.a
LOAD c:/st/stm32cubeide_1.5.1/stm32cubeide/plugins/com.st.stm32cube.ide.mcu.externaltools.gnu-tools-for-stm32.7-2018-q2-update.win32_1.5.0.202011040924/tools/bin/../lib/gcc/arm-none-eabi/7.3.1/../../../../arm-none-eabi/lib/thumb/v7e-m/fpv4-sp/hard\libc_nano.a
LOAD c:/st/stm32cubeide_1.5.1/stm32cubeide/plugins/com.st.stm32cube.ide.mcu.externaltools.gnu-tools-for-stm32.7-2018-q2-update.win32_1.5.0.202011040924/tools/bin/../lib/gcc/arm-none-eabi/7.3.1/../../../../arm-none-eabi/lib/thumb/v7e-m/fpv4-sp/hard\libnosys.a
END GROUP
START GROUP
LOAD c:/st/stm32cubeide_1.5.1/stm32cubeide/plugins/com.st.stm32cube.ide.mcu.externaltools.gnu-tools-for-stm32.7-2018-q2-update.win32_1.5.0.202011040924/tools/bin/../lib/gcc/arm-none-eabi/7.3.1/thumb/v7e-m/fpv4-sp/hard\libgcc.a
LOAD c:/st/stm32cubeide_1.5.1/stm32cubeide/plugins/com.st.stm32cube.ide.mcu.externaltools.gnu-tools-for-stm32.7-2018-q2-update.win32_1.5.0.202011040924/tools/bin/../lib/gcc/arm-none-eabi/7.3.1/../../../../arm-none-eabi/lib/thumb/v7e-m/fpv4-sp/hard\libc_nano.a
LOAD c:/st/stm32cubeide_1.5.1/stm32cubeide/plugins/com.st.stm32cube.ide.mcu.externaltools.gnu-tools-for-stm32.7-2018-q2-update.win32_1.5.0.202011040924/tools/bin/../lib/gcc/arm-none-eabi/7.3.1/../../../../arm-none-eabi/lib/thumb/v7e-m/fpv4-sp/hard\libnosys.a
END GROUP
LOAD c:/st/stm32cubeide_1.5.1/stm32cubeide/plugins/com.st.stm32cube.ide.mcu.externaltools.gnu-tools-for-stm32.7-2018-q2-update.win32_1.5.0.202011040924/tools/bin/../lib/gcc/arm-none-eabi/7.3.1/thumb/v7e-m/fpv4-sp/hard/crtend.o
LOAD c:/st/stm32cubeide_1.5.1/stm32cubeide/plugins/com.st.stm32cube.ide.mcu.externaltools.gnu-tools-for-stm32.7-2018-q2-update.win32_1.5.0.202011040924/tools/bin/../lib/gcc/arm-none-eabi/7.3.1/thumb/v7e-m/fpv4-sp/hard/crtn.o
                0x0000000020010000                _estack = (ORIGIN (RAM) + LENGTH (RAM))
                0x0000000000000200                _Min_Heap_Size = 0x200
                0x0000000000000400                _Min_Stack_Size = 0x400

.isr_vector     0x0000000008000000      0x194
                0x0000000008000000                . = ALIGN (0x4)
 *(.isr_vector)
 .isr_vector    0x0000000008000000      0x194 Core/Startup/startup_stm32f303retx.o
                0x0000000008000000                g_pfnVectors
                0x0000000008000194                . = ALIGN (0x4)

.text           0x0000000008000198     0x393c
                0x0000000008000198                . = ALIGN (0x4)
 *(.text)
 .text          0x0000000008000198       0x40 c:/st/stm32cubeide_1.5.1/stm32cubeide/plugins/com.st.stm32cube.ide.mcu.externaltools.gnu-tools-for-stm32.7-2018-q2-update.win32_1.5.0.202011040924/tools/bin/../lib/gcc/arm-none-eabi/7.3.1/thumb/v7e-m/fpv4-sp/hard/crtbegin.o
 .text          0x00000000080001d8      0x378 c:/st/stm32cubeide_1.5.1/stm32cubeide/plugins/com.st.stm32cube.ide.mcu.externaltools.gnu-tools-for-stm32.7-2018-q2-update.win32_1.5.0.202011040924/tools/bin/../lib/gcc/arm-none-eabi/7.3.1/thumb/v7e-m/fpv4-sp/hard\libgcc.a(_arm_addsubdf3.o)
                0x00000000080001d8                __aeabi_drsub
                0x00000000080001e0                __aeabi_dsub
                0x00000000080001e0                __subdf3
                0x00000000080001e4                __aeabi_dadd
                0x00000000080001e4                __adddf3
                0x000000000800045c                __floatunsidf
                0x000000000800045c                __aeabi_ui2d
                0x000000000800047c                __floatsidf
                0x000000000800047c                __aeabi_i2d
                0x00000000080004a0                __aeabi_f2d
                0x00000000080004a0                __extendsfdf2
                0x00000000080004e4                __floatundidf
                0x00000000080004e4                __aeabi_ul2d
                0x00000000080004f4                __floatdidf
                0x00000000080004f4                __aeabi_l2d
 .text          0x0000000008000550      0x424 c:/st/stm32cubeide_1.5.1/stm32cubeide/plugins/com.st.stm32cube.ide.mcu.externaltools.gnu-tools-for-stm32.7-2018-q2-update.win32_1.5.0.202011040924/tools/bin/../lib/gcc/arm-none-eabi/7.3.1/thumb/v7e-m/fpv4-sp/hard\libgcc.a(_arm_muldivdf3.o)
                0x0000000008000550                __aeabi_dmul
                0x0000000008000550                __muldf3
                0x00000000080007a4                __divdf3
                0x00000000080007a4                __aeabi_ddiv
 .text          0x0000000008000974      0x110 c:/st/stm32cubeide_1.5.1/stm32cubeide/plugins/com.st.stm32cube.ide.mcu.externaltools.gnu-tools-for-stm32.7-2018-q2-update.win32_1.5.0.202011040924/tools/bin/../lib/gcc/arm-none-eabi/7.3.1/thumb/v7e-m/fpv4-sp/hard\libgcc.a(_arm_cmpdf2.o)
                0x0000000008000974                __gtdf2
                0x0000000008000974                __gedf2
                0x000000000800097c                __ltdf2
                0x000000000800097c                __ledf2
                0x0000000008000984                __nedf2
                0x0000000008000984                __eqdf2
                0x0000000008000984                __cmpdf2
                0x0000000008000a00                __aeabi_cdrcmple
                0x0000000008000a10                __aeabi_cdcmpeq
                0x0000000008000a10                __aeabi_cdcmple
                0x0000000008000a20                __aeabi_dcmpeq
                0x0000000008000a34                __aeabi_dcmplt
                0x0000000008000a48                __aeabi_dcmple
                0x0000000008000a5c                __aeabi_dcmpge
                0x0000000008000a70                __aeabi_dcmpgt
 .text          0x0000000008000a84       0x50 c:/st/stm32cubeide_1.5.1/stm32cubeide/plugins/com.st.stm32cube.ide.mcu.externaltools.gnu-tools-for-stm32.7-2018-q2-update.win32_1.5.0.202011040924/tools/bin/../lib/gcc/arm-none-eabi/7.3.1/thumb/v7e-m/fpv4-sp/hard\libgcc.a(_arm_fixdfsi.o)
                0x0000000008000a84                __aeabi_d2iz
                0x0000000008000a84                __fixdfsi
 .text          0x0000000008000ad4       0x40 c:/st/stm32cubeide_1.5.1/stm32cubeide/plugins/com.st.stm32cube.ide.mcu.externaltools.gnu-tools-for-stm32.7-2018-q2-update.win32_1.5.0.202011040924/tools/bin/../lib/gcc/arm-none-eabi/7.3.1/thumb/v7e-m/fpv4-sp/hard\libgcc.a(_arm_fixunsdfsi.o)
                0x0000000008000ad4                __aeabi_d2uiz
                0x0000000008000ad4                __fixunsdfsi
 *(.text*)
 .text.__NVIC_EnableIRQ
                0x0000000008000b14       0x3c Core/Src/main.o
 .text.__NVIC_SetPriority
                0x0000000008000b50       0x54 Core/Src/main.o
 .text.main     0x0000000008000ba4      0x108 Core/Src/main.o
                0x0000000008000ba4                main
 .text.drive    0x0000000008000cac       0x2a Core/Src/main.o
 .text.pinSetup
                0x0000000008000cd6       0x5e Core/Src/main.o
 .text.timerSetup
                0x0000000008000d34       0x38 Core/Src/main.o
 .text.timer4Setup
                0x0000000008000d6c       0xb8 Core/Src/main.o
 *fill*         0x0000000008000e24        0x4 
 .text.setDutyCycleChannel1
                0x0000000008000e28       0x90 Core/Src/main.o
 .text.setDutyCycleChannel2
                0x0000000008000eb8       0x90 Core/Src/main.o
 .text.timerOutputSetup
                0x0000000008000f48      0x10e Core/Src/main.o
 *fill*         0x0000000008001056        0x2 
 .text.rotateVehicle
                0x0000000008001058       0xd8 Core/Src/main.o
 .text.TIM3_C1_Init
                0x0000000008001130       0xfc Core/Src/main.o
                0x0000000008001130                TIM3_C1_Init
 .text.TIM3_IRQHandler
                0x000000000800122c       0xa4 Core/Src/main.o
                0x000000000800122c                TIM3_IRQHandler
 .text.SystemClock_Config
                0x00000000080012d0       0xbc Core/Src/main.o
                0x00000000080012d0                SystemClock_Config
 .text.MX_USART2_UART_Init
                0x000000000800138c       0x60 Core/Src/main.o
 .text.MX_GPIO_Init
                0x00000000080013ec       0xd0 Core/Src/main.o
 .text.Error_Handler
                0x00000000080014bc        0x8 Core/Src/main.o
                0x00000000080014bc                Error_Handler
 .text.HAL_MspInit
                0x00000000080014c4       0x48 Core/Src/stm32f3xx_hal_msp.o
                0x00000000080014c4                HAL_MspInit
 .text.HAL_UART_MspInit
                0x000000000800150c       0x84 Core/Src/stm32f3xx_hal_msp.o
                0x000000000800150c                HAL_UART_MspInit
 .text.NMI_Handler
                0x0000000008001590        0x6 Core/Src/stm32f3xx_it.o
                0x0000000008001590                NMI_Handler
 .text.HardFault_Handler
                0x0000000008001596        0x6 Core/Src/stm32f3xx_it.o
                0x0000000008001596                HardFault_Handler
 .text.MemManage_Handler
                0x000000000800159c        0x6 Core/Src/stm32f3xx_it.o
                0x000000000800159c                MemManage_Handler
 .text.BusFault_Handler
                0x00000000080015a2        0x6 Core/Src/stm32f3xx_it.o
                0x00000000080015a2                BusFault_Handler
 .text.UsageFault_Handler
                0x00000000080015a8        0x6 Core/Src/stm32f3xx_it.o
                0x00000000080015a8                UsageFault_Handler
 .text.SVC_Handler
                0x00000000080015ae        0xe Core/Src/stm32f3xx_it.o
                0x00000000080015ae                SVC_Handler
 .text.DebugMon_Handler
                0x00000000080015bc        0xe Core/Src/stm32f3xx_it.o
                0x00000000080015bc                DebugMon_Handler
 .text.PendSV_Handler
                0x00000000080015ca        0xe Core/Src/stm32f3xx_it.o
                0x00000000080015ca                PendSV_Handler
 .text.SysTick_Handler
                0x00000000080015d8        0xc Core/Src/stm32f3xx_it.o
                0x00000000080015d8                SysTick_Handler
 .text.SystemInit
                0x00000000080015e4       0x24 Core/Src/system_stm32f3xx.o
                0x00000000080015e4                SystemInit
 .text.Reset_Handler
                0x0000000008001608       0x50 Core/Startup/startup_stm32f303retx.o
                0x0000000008001608                Reset_Handler
 .text.Default_Handler
                0x0000000008001658        0x2 Core/Startup/startup_stm32f303retx.o
                0x0000000008001658                RTC_Alarm_IRQHandler
                0x0000000008001658                TIM8_TRG_COM_IRQHandler
                0x0000000008001658                TIM8_CC_IRQHandler
                0x0000000008001658                SPI4_IRQHandler
                0x0000000008001658                TIM1_CC_IRQHandler
                0x0000000008001658                USB_HP_IRQHandler
                0x0000000008001658                PVD_IRQHandler
                0x0000000008001658                TAMP_STAMP_IRQHandler
                0x0000000008001658                EXTI3_IRQHandler
                0x0000000008001658                I2C3_ER_IRQHandler
                0x0000000008001658                USB_HP_CAN_TX_IRQHandler
                0x0000000008001658                EXTI0_IRQHandler
                0x0000000008001658                I2C2_EV_IRQHandler
                0x0000000008001658                FPU_IRQHandler
                0x0000000008001658                TIM1_UP_TIM16_IRQHandler
                0x0000000008001658                ADC1_2_IRQHandler
                0x0000000008001658                SPI1_IRQHandler
                0x0000000008001658                CAN_SCE_IRQHandler
                0x0000000008001658                TIM6_DAC_IRQHandler
                0x0000000008001658                TIM8_UP_IRQHandler
                0x0000000008001658                DMA2_Channel2_IRQHandler
                0x0000000008001658                DMA1_Channel4_IRQHandler
                0x0000000008001658                TIM20_TRG_COM_IRQHandler
                0x0000000008001658                USART3_IRQHandler
                0x0000000008001658                DMA1_Channel7_IRQHandler
                0x0000000008001658                UART5_IRQHandler
                0x0000000008001658                ADC3_IRQHandler
                0x0000000008001658                TIM4_IRQHandler
                0x0000000008001658                CAN_RX1_IRQHandler
                0x0000000008001658                DMA2_Channel1_IRQHandler
                0x0000000008001658                I2C1_EV_IRQHandler
                0x0000000008001658                DMA1_Channel6_IRQHandler
                0x0000000008001658                UART4_IRQHandler
                0x0000000008001658                DMA2_Channel4_IRQHandler
                0x0000000008001658                RCC_IRQHandler
                0x0000000008001658                TIM20_UP_IRQHandler
                0x0000000008001658                DMA1_Channel1_IRQHandler
                0x0000000008001658                Default_Handler
                0x0000000008001658                USBWakeUp_RMP_IRQHandler
                0x0000000008001658                EXTI15_10_IRQHandler
                0x0000000008001658                TIM7_IRQHandler
                0x0000000008001658                I2C3_EV_IRQHandler
                0x0000000008001658                EXTI9_5_IRQHandler
                0x0000000008001658                RTC_WKUP_IRQHandler
                0x0000000008001658                SPI2_IRQHandler
                0x0000000008001658                USB_LP_CAN_RX0_IRQHandler
                0x0000000008001658                DMA2_Channel5_IRQHandler
                0x0000000008001658                DMA1_Channel5_IRQHandler
                0x0000000008001658                USB_LP_IRQHandler
                0x0000000008001658                EXTI4_IRQHandler
                0x0000000008001658                TIM1_TRG_COM_TIM17_IRQHandler
                0x0000000008001658                DMA1_Channel3_IRQHandler
                0x0000000008001658                ADC4_IRQHandler
                0x0000000008001658                WWDG_IRQHandler
                0x0000000008001658                TIM2_IRQHandler
                0x0000000008001658                COMP7_IRQHandler
                0x0000000008001658                COMP1_2_3_IRQHandler
                0x0000000008001658                EXTI1_IRQHandler
                0x0000000008001658                USART2_IRQHandler
                0x0000000008001658                COMP4_5_6_IRQHandler
                0x0000000008001658                TIM20_BRK_IRQHandler
                0x0000000008001658                I2C2_ER_IRQHandler
                0x0000000008001658                DMA1_Channel2_IRQHandler
                0x0000000008001658                TIM8_BRK_IRQHandler
                0x0000000008001658                FLASH_IRQHandler
                0x0000000008001658                TIM20_CC_IRQHandler
                0x0000000008001658                USART1_IRQHandler
                0x0000000008001658                SPI3_IRQHandler
                0x0000000008001658                I2C1_ER_IRQHandler
                0x0000000008001658                FMC_IRQHandler
                0x0000000008001658                USBWakeUp_IRQHandler
                0x0000000008001658                DMA2_Channel3_IRQHandler
                0x0000000008001658                EXTI2_TSC_IRQHandler
                0x0000000008001658                TIM1_BRK_TIM15_IRQHandler
 *fill*         0x000000000800165a        0x2 
 .text.HAL_Init
                0x000000000800165c       0x2c Drivers/STM32F3xx_HAL_Driver/Src/stm32f3xx_hal.o
                0x000000000800165c                HAL_Init
 .text.HAL_InitTick
                0x0000000008001688       0x60 Drivers/STM32F3xx_HAL_Driver/Src/stm32f3xx_hal.o
                0x0000000008001688                HAL_InitTick
 .text.HAL_IncTick
                0x00000000080016e8       0x28 Drivers/STM32F3xx_HAL_Driver/Src/stm32f3xx_hal.o
                0x00000000080016e8                HAL_IncTick
 .text.HAL_GetTick
                0x0000000008001710       0x18 Drivers/STM32F3xx_HAL_Driver/Src/stm32f3xx_hal.o
                0x0000000008001710                HAL_GetTick
 .text.HAL_Delay
                0x0000000008001728       0x44 Drivers/STM32F3xx_HAL_Driver/Src/stm32f3xx_hal.o
                0x0000000008001728                HAL_Delay
 .text.__NVIC_SetPriorityGrouping
                0x000000000800176c       0x48 Drivers/STM32F3xx_HAL_Driver/Src/stm32f3xx_hal_cortex.o
 .text.__NVIC_GetPriorityGrouping
                0x00000000080017b4       0x1c Drivers/STM32F3xx_HAL_Driver/Src/stm32f3xx_hal_cortex.o
 .text.__NVIC_SetPriority
                0x00000000080017d0       0x54 Drivers/STM32F3xx_HAL_Driver/Src/stm32f3xx_hal_cortex.o
 .text.NVIC_EncodePriority
                0x0000000008001824       0x66 Drivers/STM32F3xx_HAL_Driver/Src/stm32f3xx_hal_cortex.o
 *fill*         0x000000000800188a        0x2 
 .text.SysTick_Config
                0x000000000800188c       0x44 Drivers/STM32F3xx_HAL_Driver/Src/stm32f3xx_hal_cortex.o
 .text.HAL_NVIC_SetPriorityGrouping
                0x00000000080018d0       0x16 Drivers/STM32F3xx_HAL_Driver/Src/stm32f3xx_hal_cortex.o
                0x00000000080018d0                HAL_NVIC_SetPriorityGrouping
 .text.HAL_NVIC_SetPriority
                0x00000000080018e6       0x38 Drivers/STM32F3xx_HAL_Driver/Src/stm32f3xx_hal_cortex.o
                0x00000000080018e6                HAL_NVIC_SetPriority
 .text.HAL_SYSTICK_Config
                0x000000000800191e       0x18 Drivers/STM32F3xx_HAL_Driver/Src/stm32f3xx_hal_cortex.o
                0x000000000800191e                HAL_SYSTICK_Config
 *fill*         0x0000000008001936        0x2 
 .text.HAL_GPIO_Init
                0x0000000008001938      0x314 Drivers/STM32F3xx_HAL_Driver/Src/stm32f3xx_hal_gpio.o
                0x0000000008001938                HAL_GPIO_Init
 .text.HAL_GPIO_WritePin
                0x0000000008001c4c       0x30 Drivers/STM32F3xx_HAL_Driver/Src/stm32f3xx_hal_gpio.o
                0x0000000008001c4c                HAL_GPIO_WritePin
 .text.HAL_RCC_OscConfig
                0x0000000008001c7c      0xe2c Drivers/STM32F3xx_HAL_Driver/Src/stm32f3xx_hal_rcc.o
                0x0000000008001c7c                HAL_RCC_OscConfig
 .text.HAL_RCC_ClockConfig
                0x0000000008002aa8      0x2f8 Drivers/STM32F3xx_HAL_Driver/Src/stm32f3xx_hal_rcc.o
                0x0000000008002aa8                HAL_RCC_ClockConfig
 .text.HAL_RCC_GetSysClockFreq
                0x0000000008002da0       0xd4 Drivers/STM32F3xx_HAL_Driver/Src/stm32f3xx_hal_rcc.o
                0x0000000008002da0                HAL_RCC_GetSysClockFreq
 .text.HAL_RCC_GetHCLKFreq
                0x0000000008002e74       0x18 Drivers/STM32F3xx_HAL_Driver/Src/stm32f3xx_hal_rcc.o
                0x0000000008002e74                HAL_RCC_GetHCLKFreq
 .text.HAL_RCC_GetPCLK1Freq
                0x0000000008002e8c       0x44 Drivers/STM32F3xx_HAL_Driver/Src/stm32f3xx_hal_rcc.o
                0x0000000008002e8c                HAL_RCC_GetPCLK1Freq
 .text.HAL_RCC_GetPCLK2Freq
                0x0000000008002ed0       0x44 Drivers/STM32F3xx_HAL_Driver/Src/stm32f3xx_hal_rcc.o
                0x0000000008002ed0                HAL_RCC_GetPCLK2Freq
 .text.HAL_RCCEx_PeriphCLKConfig
                0x0000000008002f14      0x43c Drivers/STM32F3xx_HAL_Driver/Src/stm32f3xx_hal_rcc_ex.o
                0x0000000008002f14                HAL_RCCEx_PeriphCLKConfig
 .text.HAL_UART_Init
                0x0000000008003350       0x9c Drivers/STM32F3xx_HAL_Driver/Src/stm32f3xx_hal_uart.o
                0x0000000008003350                HAL_UART_Init
 .text.UART_SetConfig
                0x00000000080033ec      0x3a8 Drivers/STM32F3xx_HAL_Driver/Src/stm32f3xx_hal_uart.o
                0x00000000080033ec                UART_SetConfig
 .text.UART_AdvFeatureConfig
                0x0000000008003794      0x144 Drivers/STM32F3xx_HAL_Driver/Src/stm32f3xx_hal_uart.o
                0x0000000008003794                UART_AdvFeatureConfig
 .text.UART_CheckIdleState
                0x00000000080038d8       0x92 Drivers/STM32F3xx_HAL_Driver/Src/stm32f3xx_hal_uart.o
                0x00000000080038d8                UART_CheckIdleState
 .text.UART_WaitOnFlagUntilTimeout
                0x000000000800396a       0xf8 Drivers/STM32F3xx_HAL_Driver/Src/stm32f3xx_hal_uart.o
                0x000000000800396a                UART_WaitOnFlagUntilTimeout
 *fill*         0x0000000008003a62        0x2 
 .text.__libc_init_array
                0x0000000008003a64       0x48 c:/st/stm32cubeide_1.5.1/stm32cubeide/plugins/com.st.stm32cube.ide.mcu.externaltools.gnu-tools-for-stm32.7-2018-q2-update.win32_1.5.0.202011040924/tools/bin/../lib/gcc/arm-none-eabi/7.3.1/../../../../arm-none-eabi/lib/thumb/v7e-m/fpv4-sp/hard\libc_nano.a(lib_a-init.o)
                0x0000000008003a64                __libc_init_array
 .text.memset   0x0000000008003aac       0x10 c:/st/stm32cubeide_1.5.1/stm32cubeide/plugins/com.st.stm32cube.ide.mcu.externaltools.gnu-tools-for-stm32.7-2018-q2-update.win32_1.5.0.202011040924/tools/bin/../lib/gcc/arm-none-eabi/7.3.1/../../../../arm-none-eabi/lib/thumb/v7e-m/fpv4-sp/hard\libc_nano.a(lib_a-memset.o)
                0x0000000008003aac                memset
 *(.glue_7)
 .glue_7        0x0000000008003abc        0x0 linker stubs
 *(.glue_7t)
 .glue_7t       0x0000000008003abc        0x0 linker stubs
 *(.eh_frame)
 .eh_frame      0x0000000008003abc        0x0 c:/st/stm32cubeide_1.5.1/stm32cubeide/plugins/com.st.stm32cube.ide.mcu.externaltools.gnu-tools-for-stm32.7-2018-q2-update.win32_1.5.0.202011040924/tools/bin/../lib/gcc/arm-none-eabi/7.3.1/thumb/v7e-m/fpv4-sp/hard/crtbegin.o
 *(.init)
 .init          0x0000000008003abc        0x4 c:/st/stm32cubeide_1.5.1/stm32cubeide/plugins/com.st.stm32cube.ide.mcu.externaltools.gnu-tools-for-stm32.7-2018-q2-update.win32_1.5.0.202011040924/tools/bin/../lib/gcc/arm-none-eabi/7.3.1/thumb/v7e-m/fpv4-sp/hard/crti.o
                0x0000000008003abc                _init
 .init          0x0000000008003ac0        0x8 c:/st/stm32cubeide_1.5.1/stm32cubeide/plugins/com.st.stm32cube.ide.mcu.externaltools.gnu-tools-for-stm32.7-2018-q2-update.win32_1.5.0.202011040924/tools/bin/../lib/gcc/arm-none-eabi/7.3.1/thumb/v7e-m/fpv4-sp/hard/crtn.o
 *(.fini)
 .fini          0x0000000008003ac8        0x4 c:/st/stm32cubeide_1.5.1/stm32cubeide/plugins/com.st.stm32cube.ide.mcu.externaltools.gnu-tools-for-stm32.7-2018-q2-update.win32_1.5.0.202011040924/tools/bin/../lib/gcc/arm-none-eabi/7.3.1/thumb/v7e-m/fpv4-sp/hard/crti.o
                0x0000000008003ac8                _fini
 .fini          0x0000000008003acc        0x8 c:/st/stm32cubeide_1.5.1/stm32cubeide/plugins/com.st.stm32cube.ide.mcu.externaltools.gnu-tools-for-stm32.7-2018-q2-update.win32_1.5.0.202011040924/tools/bin/../lib/gcc/arm-none-eabi/7.3.1/thumb/v7e-m/fpv4-sp/hard/crtn.o
                0x0000000008003ad4                . = ALIGN (0x4)
                0x0000000008003ad4                _etext = .

.vfp11_veneer   0x0000000008003ad4        0x0
 .vfp11_veneer  0x0000000008003ad4        0x0 linker stubs

.v4_bx          0x0000000008003ad4        0x0
 .v4_bx         0x0000000008003ad4        0x0 linker stubs

.iplt           0x0000000008003ad4        0x0
 .iplt          0x0000000008003ad4        0x0 c:/st/stm32cubeide_1.5.1/stm32cubeide/plugins/com.st.stm32cube.ide.mcu.externaltools.gnu-tools-for-stm32.7-2018-q2-update.win32_1.5.0.202011040924/tools/bin/../lib/gcc/arm-none-eabi/7.3.1/thumb/v7e-m/fpv4-sp/hard/crtbegin.o

.rodata         0x0000000008003ad4       0x38
                0x0000000008003ad4                . = ALIGN (0x4)
 *(.rodata)
 *(.rodata*)
 .rodata.AHBPrescTable
                0x0000000008003ad4       0x10 Core/Src/system_stm32f3xx.o
                0x0000000008003ad4                AHBPrescTable
 .rodata.APBPrescTable
                0x0000000008003ae4        0x8 Core/Src/system_stm32f3xx.o
                0x0000000008003ae4                APBPrescTable
 .rodata.aPLLMULFactorTable
                0x0000000008003aec       0x10 Drivers/STM32F3xx_HAL_Driver/Src/stm32f3xx_hal_rcc.o
                0x0000000008003aec                aPLLMULFactorTable
 .rodata.aPredivFactorTable
                0x0000000008003afc       0x10 Drivers/STM32F3xx_HAL_Driver/Src/stm32f3xx_hal_rcc.o
                0x0000000008003afc                aPredivFactorTable
                0x0000000008003b0c                . = ALIGN (0x4)

.rel.dyn        0x0000000008003b0c        0x0
 .rel.iplt      0x0000000008003b0c        0x0 c:/st/stm32cubeide_1.5.1/stm32cubeide/plugins/com.st.stm32cube.ide.mcu.externaltools.gnu-tools-for-stm32.7-2018-q2-update.win32_1.5.0.202011040924/tools/bin/../lib/gcc/arm-none-eabi/7.3.1/thumb/v7e-m/fpv4-sp/hard/crtbegin.o

.ARM.extab      0x0000000008003b0c        0x0
                0x0000000008003b0c                . = ALIGN (0x4)
 *(.ARM.extab* .gnu.linkonce.armextab.*)
                0x0000000008003b0c                . = ALIGN (0x4)

.ARM            0x0000000008003b0c        0x0
                0x0000000008003b0c                . = ALIGN (0x4)
                0x0000000008003b0c                __exidx_start = .
 *(.ARM.exidx*)
                0x0000000008003b0c                __exidx_end = .
                0x0000000008003b0c                . = ALIGN (0x4)

.preinit_array  0x0000000008003b0c        0x0
                0x0000000008003b0c                . = ALIGN (0x4)
                0x0000000008003b0c                PROVIDE (__preinit_array_start = .)
 *(.preinit_array*)
                0x0000000008003b0c                PROVIDE (__preinit_array_end = .)
                0x0000000008003b0c                . = ALIGN (0x4)

.init_array     0x0000000008003b0c        0x4
                0x0000000008003b0c                . = ALIGN (0x4)
                0x0000000008003b0c                PROVIDE (__init_array_start = .)
 *(SORT_BY_NAME(.init_array.*))
 *(.init_array*)
 .init_array    0x0000000008003b0c        0x4 c:/st/stm32cubeide_1.5.1/stm32cubeide/plugins/com.st.stm32cube.ide.mcu.externaltools.gnu-tools-for-stm32.7-2018-q2-update.win32_1.5.0.202011040924/tools/bin/../lib/gcc/arm-none-eabi/7.3.1/thumb/v7e-m/fpv4-sp/hard/crtbegin.o
                0x0000000008003b10                PROVIDE (__init_array_end = .)
                0x0000000008003b10                . = ALIGN (0x4)

.fini_array     0x0000000008003b10        0x4
                0x0000000008003b10                . = ALIGN (0x4)
                [!provide]                        PROVIDE (__fini_array_start = .)
 *(SORT_BY_NAME(.fini_array.*))
 *(.fini_array*)
 .fini_array    0x0000000008003b10        0x4 c:/st/stm32cubeide_1.5.1/stm32cubeide/plugins/com.st.stm32cube.ide.mcu.externaltools.gnu-tools-for-stm32.7-2018-q2-update.win32_1.5.0.202011040924/tools/bin/../lib/gcc/arm-none-eabi/7.3.1/thumb/v7e-m/fpv4-sp/hard/crtbegin.o
                [!provide]                        PROVIDE (__fini_array_end = .)
                0x0000000008003b14                . = ALIGN (0x4)
                0x0000000008003b14                _sidata = LOADADDR (.data)

.data           0x0000000020000000       0x10 load address 0x0000000008003b14
                0x0000000020000000                . = ALIGN (0x4)
                0x0000000020000000                _sdata = .
 *(.data)
 *(.data*)
 .data.currentState
                0x0000000020000000        0x1 Core/Src/main.o
 *fill*         0x0000000020000001        0x3 
 .data.SystemCoreClock
                0x0000000020000004        0x4 Core/Src/system_stm32f3xx.o
                0x0000000020000004                SystemCoreClock
 .data.uwTickPrio
                0x0000000020000008        0x4 Drivers/STM32F3xx_HAL_Driver/Src/stm32f3xx_hal.o
                0x0000000020000008                uwTickPrio
 .data.uwTickFreq
                0x000000002000000c        0x1 Drivers/STM32F3xx_HAL_Driver/Src/stm32f3xx_hal.o
                0x000000002000000c                uwTickFreq
 *(.RamFunc)
 *(.RamFunc*)
                0x0000000020000010                . = ALIGN (0x4)
 *fill*         0x000000002000000d        0x3 
                0x0000000020000010                _edata = .

.igot.plt       0x0000000020000010        0x0 load address 0x0000000008003b24
 .igot.plt      0x0000000020000010        0x0 c:/st/stm32cubeide_1.5.1/stm32cubeide/plugins/com.st.stm32cube.ide.mcu.externaltools.gnu-tools-for-stm32.7-2018-q2-update.win32_1.5.0.202011040924/tools/bin/../lib/gcc/arm-none-eabi/7.3.1/thumb/v7e-m/fpv4-sp/hard/crtbegin.o
                0x0000000020000010                . = ALIGN (0x4)

.bss            0x0000000020000010       0xb8 load address 0x0000000008003b24
                0x0000000020000010                _sbss = .
                0x0000000020000010                __bss_start__ = _sbss
 *(.bss)
 .bss           0x0000000020000010       0x1c c:/st/stm32cubeide_1.5.1/stm32cubeide/plugins/com.st.stm32cube.ide.mcu.externaltools.gnu-tools-for-stm32.7-2018-q2-update.win32_1.5.0.202011040924/tools/bin/../lib/gcc/arm-none-eabi/7.3.1/thumb/v7e-m/fpv4-sp/hard/crtbegin.o
 *(.bss*)
 .bss.timespan  0x000000002000002c        0x4 Core/Src/main.o
                0x000000002000002c                timespan
 .bss.newcounter
                0x0000000020000030        0x4 Core/Src/main.o
                0x0000000020000030                newcounter
 .bss.overflow  0x0000000020000034        0x4 Core/Src/main.o
                0x0000000020000034                overflow
 .bss.prevState
                0x0000000020000038        0x1 Core/Src/main.o
 *fill*         0x0000000020000039        0x3 
 .bss.lineHigh.8800
                0x000000002000003c        0x4 Core/Src/main.o
 *(COMMON)
 COMMON         0x0000000020000040       0x84 Core/Src/main.o
                0x0000000020000040                huart2
 COMMON         0x00000000200000c4        0x4 Drivers/STM32F3xx_HAL_Driver/Src/stm32f3xx_hal.o
                0x00000000200000c4                uwTick
                0x00000000200000c8                . = ALIGN (0x4)
                0x00000000200000c8                _ebss = .
                0x00000000200000c8                __bss_end__ = _ebss

._user_heap_stack
                0x00000000200000c8      0x600 load address 0x0000000008003b24
                0x00000000200000c8                . = ALIGN (0x8)
                [!provide]                        PROVIDE (end = .)
                0x00000000200000c8                PROVIDE (_end = .)
                0x00000000200002c8                . = (. + _Min_Heap_Size)
 *fill*         0x00000000200000c8      0x200 
                0x00000000200006c8                . = (. + _Min_Stack_Size)
 *fill*         0x00000000200002c8      0x400 
                0x00000000200006c8                . = ALIGN (0x8)

/DISCARD/
 libc.a(*)
 libm.a(*)
 libgcc.a(*)

.ARM.attributes
                0x0000000000000000       0x30
 *(.ARM.attributes)
 .ARM.attributes
                0x0000000000000000       0x22 c:/st/stm32cubeide_1.5.1/stm32cubeide/plugins/com.st.stm32cube.ide.mcu.externaltools.gnu-tools-for-stm32.7-2018-q2-update.win32_1.5.0.202011040924/tools/bin/../lib/gcc/arm-none-eabi/7.3.1/thumb/v7e-m/fpv4-sp/hard/crti.o
 .ARM.attributes
                0x0000000000000022       0x34 c:/st/stm32cubeide_1.5.1/stm32cubeide/plugins/com.st.stm32cube.ide.mcu.externaltools.gnu-tools-for-stm32.7-2018-q2-update.win32_1.5.0.202011040924/tools/bin/../lib/gcc/arm-none-eabi/7.3.1/thumb/v7e-m/fpv4-sp/hard/crtbegin.o
 .ARM.attributes
                0x0000000000000056       0x39 Core/Src/main.o
 .ARM.attributes
                0x000000000000008f       0x39 Core/Src/stm32f3xx_hal_msp.o
 .ARM.attributes
                0x00000000000000c8       0x39 Core/Src/stm32f3xx_it.o
 .ARM.attributes
                0x0000000000000101       0x39 Core/Src/system_stm32f3xx.o
 .ARM.attributes
                0x000000000000013a       0x21 Core/Startup/startup_stm32f303retx.o
 .ARM.attributes
                0x000000000000015b       0x39 Drivers/STM32F3xx_HAL_Driver/Src/stm32f3xx_hal.o
 .ARM.attributes
                0x0000000000000194       0x39 Drivers/STM32F3xx_HAL_Driver/Src/stm32f3xx_hal_cortex.o
 .ARM.attributes
                0x00000000000001cd       0x39 Drivers/STM32F3xx_HAL_Driver/Src/stm32f3xx_hal_gpio.o
 .ARM.attributes
                0x0000000000000206       0x39 Drivers/STM32F3xx_HAL_Driver/Src/stm32f3xx_hal_rcc.o
 .ARM.attributes
                0x000000000000023f       0x39 Drivers/STM32F3xx_HAL_Driver/Src/stm32f3xx_hal_rcc_ex.o
 .ARM.attributes
                0x0000000000000278       0x39 Drivers/STM32F3xx_HAL_Driver/Src/stm32f3xx_hal_uart.o
 .ARM.attributes
                0x00000000000002b1       0x34 c:/st/stm32cubeide_1.5.1/stm32cubeide/plugins/com.st.stm32cube.ide.mcu.externaltools.gnu-tools-for-stm32.7-2018-q2-update.win32_1.5.0.202011040924/tools/bin/../lib/gcc/arm-none-eabi/7.3.1/../../../../arm-none-eabi/lib/thumb/v7e-m/fpv4-sp/hard\libc_nano.a(lib_a-init.o)
 .ARM.attributes
                0x00000000000002e5       0x34 c:/st/stm32cubeide_1.5.1/stm32cubeide/plugins/com.st.stm32cube.ide.mcu.externaltools.gnu-tools-for-stm32.7-2018-q2-update.win32_1.5.0.202011040924/tools/bin/../lib/gcc/arm-none-eabi/7.3.1/../../../../arm-none-eabi/lib/thumb/v7e-m/fpv4-sp/hard\libc_nano.a(lib_a-memset.o)
 .ARM.attributes
                0x0000000000000319       0x22 c:/st/stm32cubeide_1.5.1/stm32cubeide/plugins/com.st.stm32cube.ide.mcu.externaltools.gnu-tools-for-stm32.7-2018-q2-update.win32_1.5.0.202011040924/tools/bin/../lib/gcc/arm-none-eabi/7.3.1/thumb/v7e-m/fpv4-sp/hard\libgcc.a(_arm_addsubdf3.o)
 .ARM.attributes
                0x000000000000033b       0x22 c:/st/stm32cubeide_1.5.1/stm32cubeide/plugins/com.st.stm32cube.ide.mcu.externaltools.gnu-tools-for-stm32.7-2018-q2-update.win32_1.5.0.202011040924/tools/bin/../lib/gcc/arm-none-eabi/7.3.1/thumb/v7e-m/fpv4-sp/hard\libgcc.a(_arm_muldivdf3.o)
 .ARM.attributes
                0x000000000000035d       0x22 c:/st/stm32cubeide_1.5.1/stm32cubeide/plugins/com.st.stm32cube.ide.mcu.externaltools.gnu-tools-for-stm32.7-2018-q2-update.win32_1.5.0.202011040924/tools/bin/../lib/gcc/arm-none-eabi/7.3.1/thumb/v7e-m/fpv4-sp/hard\libgcc.a(_arm_cmpdf2.o)
 .ARM.attributes
                0x000000000000037f       0x22 c:/st/stm32cubeide_1.5.1/stm32cubeide/plugins/com.st.stm32cube.ide.mcu.externaltools.gnu-tools-for-stm32.7-2018-q2-update.win32_1.5.0.202011040924/tools/bin/../lib/gcc/arm-none-eabi/7.3.1/thumb/v7e-m/fpv4-sp/hard\libgcc.a(_arm_fixdfsi.o)
 .ARM.attributes
                0x00000000000003a1       0x22 c:/st/stm32cubeide_1.5.1/stm32cubeide/plugins/com.st.stm32cube.ide.mcu.externaltools.gnu-tools-for-stm32.7-2018-q2-update.win32_1.5.0.202011040924/tools/bin/../lib/gcc/arm-none-eabi/7.3.1/thumb/v7e-m/fpv4-sp/hard\libgcc.a(_arm_fixunsdfsi.o)
 .ARM.attributes
                0x00000000000003c3       0x22 c:/st/stm32cubeide_1.5.1/stm32cubeide/plugins/com.st.stm32cube.ide.mcu.externaltools.gnu-tools-for-stm32.7-2018-q2-update.win32_1.5.0.202011040924/tools/bin/../lib/gcc/arm-none-eabi/7.3.1/thumb/v7e-m/fpv4-sp/hard/crtn.o
OUTPUT(RobotSwarm.elf elf32-littlearm)

.debug_info     0x0000000000000000     0x807e
 .debug_info    0x0000000000000000     0x1d64 Core/Src/main.o
 .debug_info    0x0000000000001d64      0x92a Core/Src/stm32f3xx_hal_msp.o
 .debug_info    0x000000000000268e      0x20d Core/Src/stm32f3xx_it.o
 .debug_info    0x000000000000289b      0x45c Core/Src/system_stm32f3xx.o
 .debug_info    0x0000000000002cf7       0x22 Core/Startup/startup_stm32f303retx.o
 .debug_info    0x0000000000002d19      0x812 Drivers/STM32F3xx_HAL_Driver/Src/stm32f3xx_hal.o
 .debug_info    0x000000000000352b      0xdc9 Drivers/STM32F3xx_HAL_Driver/Src/stm32f3xx_hal_cortex.o
 .debug_info    0x00000000000042f4      0x7c1 Drivers/STM32F3xx_HAL_Driver/Src/stm32f3xx_hal_gpio.o
 .debug_info    0x0000000000004ab5     0x181f Drivers/STM32F3xx_HAL_Driver/Src/stm32f3xx_hal_rcc.o
 .debug_info    0x00000000000062d4      0x708 Drivers/STM32F3xx_HAL_Driver/Src/stm32f3xx_hal_rcc_ex.o
 .debug_info    0x00000000000069dc     0x16a2 Drivers/STM32F3xx_HAL_Driver/Src/stm32f3xx_hal_uart.o

.debug_abbrev   0x0000000000000000     0x1417
 .debug_abbrev  0x0000000000000000      0x34d Core/Src/main.o
 .debug_abbrev  0x000000000000034d      0x18c Core/Src/stm32f3xx_hal_msp.o
 .debug_abbrev  0x00000000000004d9       0xc6 Core/Src/stm32f3xx_it.o
 .debug_abbrev  0x000000000000059f      0x12b Core/Src/system_stm32f3xx.o
 .debug_abbrev  0x00000000000006ca       0x12 Core/Startup/startup_stm32f303retx.o
 .debug_abbrev  0x00000000000006dc      0x1c7 Drivers/STM32F3xx_HAL_Driver/Src/stm32f3xx_hal.o
 .debug_abbrev  0x00000000000008a3      0x2fa Drivers/STM32F3xx_HAL_Driver/Src/stm32f3xx_hal_cortex.o
 .debug_abbrev  0x0000000000000b9d      0x1c0 Drivers/STM32F3xx_HAL_Driver/Src/stm32f3xx_hal_gpio.o
 .debug_abbrev  0x0000000000000d5d      0x28c Drivers/STM32F3xx_HAL_Driver/Src/stm32f3xx_hal_rcc.o
 .debug_abbrev  0x0000000000000fe9      0x219 Drivers/STM32F3xx_HAL_Driver/Src/stm32f3xx_hal_rcc_ex.o
 .debug_abbrev  0x0000000000001202      0x215 Drivers/STM32F3xx_HAL_Driver/Src/stm32f3xx_hal_uart.o

.debug_aranges  0x0000000000000000      0x6c0
 .debug_aranges
                0x0000000000000000       0xa8 Core/Src/main.o
 .debug_aranges
                0x00000000000000a8       0x30 Core/Src/stm32f3xx_hal_msp.o
 .debug_aranges
                0x00000000000000d8       0x60 Core/Src/stm32f3xx_it.o
 .debug_aranges
                0x0000000000000138       0x28 Core/Src/system_stm32f3xx.o
 .debug_aranges
                0x0000000000000160       0x28 Core/Startup/startup_stm32f303retx.o
 .debug_aranges
                0x0000000000000188       0xe0 Drivers/STM32F3xx_HAL_Driver/Src/stm32f3xx_hal.o
 .debug_aranges
                0x0000000000000268      0x118 Drivers/STM32F3xx_HAL_Driver/Src/stm32f3xx_hal_cortex.o
 .debug_aranges
                0x0000000000000380       0x58 Drivers/STM32F3xx_HAL_Driver/Src/stm32f3xx_hal_gpio.o
 .debug_aranges
                0x00000000000003d8       0x88 Drivers/STM32F3xx_HAL_Driver/Src/stm32f3xx_hal_rcc.o
 .debug_aranges
                0x0000000000000460       0x38 Drivers/STM32F3xx_HAL_Driver/Src/stm32f3xx_hal_rcc_ex.o
 .debug_aranges
                0x0000000000000498      0x228 Drivers/STM32F3xx_HAL_Driver/Src/stm32f3xx_hal_uart.o

.debug_ranges   0x0000000000000000      0x648
 .debug_ranges  0x0000000000000000       0x98 Core/Src/main.o
 .debug_ranges  0x0000000000000098       0x20 Core/Src/stm32f3xx_hal_msp.o
 .debug_ranges  0x00000000000000b8       0x50 Core/Src/stm32f3xx_it.o
 .debug_ranges  0x0000000000000108       0x18 Core/Src/system_stm32f3xx.o
 .debug_ranges  0x0000000000000120       0x20 Core/Startup/startup_stm32f303retx.o
 .debug_ranges  0x0000000000000140       0xd0 Drivers/STM32F3xx_HAL_Driver/Src/stm32f3xx_hal.o
 .debug_ranges  0x0000000000000210      0x108 Drivers/STM32F3xx_HAL_Driver/Src/stm32f3xx_hal_cortex.o
 .debug_ranges  0x0000000000000318       0x48 Drivers/STM32F3xx_HAL_Driver/Src/stm32f3xx_hal_gpio.o
 .debug_ranges  0x0000000000000360       0x78 Drivers/STM32F3xx_HAL_Driver/Src/stm32f3xx_hal_rcc.o
 .debug_ranges  0x00000000000003d8       0x28 Drivers/STM32F3xx_HAL_Driver/Src/stm32f3xx_hal_rcc_ex.o
 .debug_ranges  0x0000000000000400      0x248 Drivers/STM32F3xx_HAL_Driver/Src/stm32f3xx_hal_uart.o

.debug_macro    0x0000000000000000    0x1f867
 .debug_macro   0x0000000000000000      0x340 Core/Src/main.o
 .debug_macro   0x0000000000000340      0xa5a Core/Src/main.o
 .debug_macro   0x0000000000000d9a      0x151 Core/Src/main.o
 .debug_macro   0x0000000000000eeb       0x2e Core/Src/main.o
 .debug_macro   0x0000000000000f19       0x28 Core/Src/main.o
 .debug_macro   0x0000000000000f41       0x22 Core/Src/main.o
 .debug_macro   0x0000000000000f63       0x8e Core/Src/main.o
 .debug_macro   0x0000000000000ff1       0x51 Core/Src/main.o
 .debug_macro   0x0000000000001042       0xef Core/Src/main.o
 .debug_macro   0x0000000000001131       0x6a Core/Src/main.o
 .debug_macro   0x000000000000119b      0x1df Core/Src/main.o
 .debug_macro   0x000000000000137a       0x1c Core/Src/main.o
 .debug_macro   0x0000000000001396       0x22 Core/Src/main.o
 .debug_macro   0x00000000000013b8       0xdf Core/Src/main.o
 .debug_macro   0x0000000000001497     0x102d Core/Src/main.o
 .debug_macro   0x00000000000024c4      0x11f Core/Src/main.o
 .debug_macro   0x00000000000025e3    0x15353 Core/Src/main.o
 .debug_macro   0x0000000000017936       0x43 Core/Src/main.o
 .debug_macro   0x0000000000017979     0x35e9 Core/Src/main.o
 .debug_macro   0x000000000001af62      0x174 Core/Src/main.o
 .debug_macro   0x000000000001b0d6       0x55 Core/Src/main.o
 .debug_macro   0x000000000001b12b      0x954 Core/Src/main.o
 .debug_macro   0x000000000001ba7f      0x84a Core/Src/main.o
 .debug_macro   0x000000000001c2c9      0x12f Core/Src/main.o
 .debug_macro   0x000000000001c3f8      0x23a Core/Src/main.o
 .debug_macro   0x000000000001c632      0x1ea Core/Src/main.o
 .debug_macro   0x000000000001c81c      0x1bc Core/Src/main.o
 .debug_macro   0x000000000001c9d8       0x30 Core/Src/main.o
 .debug_macro   0x000000000001ca08       0x3c Core/Src/main.o
 .debug_macro   0x000000000001ca44      0x236 Core/Src/main.o
 .debug_macro   0x000000000001cc7a       0xc5 Core/Src/main.o
 .debug_macro   0x000000000001cd3f      0x21d Core/Src/main.o
 .debug_macro   0x000000000001cf5c      0x22c Core/Src/main.o
 .debug_macro   0x000000000001d188       0x5b Core/Src/main.o
 .debug_macro   0x000000000001d1e3       0xa5 Core/Src/main.o
 .debug_macro   0x000000000001d288       0x81 Core/Src/main.o
 .debug_macro   0x000000000001d309       0xd3 Core/Src/main.o
 .debug_macro   0x000000000001d3dc      0x5a5 Core/Src/main.o
 .debug_macro   0x000000000001d981       0x44 Core/Src/main.o
 .debug_macro   0x000000000001d9c5      0x347 Core/Src/main.o
 .debug_macro   0x000000000001dd0c       0x58 Core/Src/main.o
 .debug_macro   0x000000000001dd64       0x46 Core/Src/main.o
 .debug_macro   0x000000000001ddaa       0x18 Core/Src/main.o
 .debug_macro   0x000000000001ddc2       0x3c Core/Src/main.o
 .debug_macro   0x000000000001ddfe       0x34 Core/Src/main.o
 .debug_macro   0x000000000001de32       0x16 Core/Src/main.o
 .debug_macro   0x000000000001de48       0x35 Core/Src/main.o
 .debug_macro   0x000000000001de7d      0x32a Core/Src/main.o
 .debug_macro   0x000000000001e1a7       0x10 Core/Src/main.o
 .debug_macro   0x000000000001e1b7       0x52 Core/Src/main.o
 .debug_macro   0x000000000001e209       0x1f Core/Src/main.o
 .debug_macro   0x000000000001e228       0x43 Core/Src/main.o
 .debug_macro   0x000000000001e26b       0x20 Core/Src/main.o
 .debug_macro   0x000000000001e28b      0x1a3 Core/Src/main.o
 .debug_macro   0x000000000001e42e       0x10 Core/Src/main.o
 .debug_macro   0x000000000001e43e       0x1c Core/Src/main.o
 .debug_macro   0x000000000001e45a       0x52 Core/Src/main.o
 .debug_macro   0x000000000001e4ac       0x40 Core/Src/main.o
 .debug_macro   0x000000000001e4ec       0x10 Core/Src/main.o
 .debug_macro   0x000000000001e4fc       0x40 Core/Src/main.o
 .debug_macro   0x000000000001e53c       0xd7 Core/Src/main.o
 .debug_macro   0x000000000001e613       0x1c Core/Src/main.o
 .debug_macro   0x000000000001e62f       0x3d Core/Src/main.o
 .debug_macro   0x000000000001e66c       0x16 Core/Src/main.o
 .debug_macro   0x000000000001e682      0x145 Core/Src/main.o
 .debug_macro   0x000000000001e7c7      0x1d2 Core/Src/stm32f3xx_hal_msp.o
 .debug_macro   0x000000000001e999      0x1dc Core/Src/stm32f3xx_it.o
 .debug_macro   0x000000000001eb75      0x1c3 Core/Src/system_stm32f3xx.o
 .debug_macro   0x000000000001ed38      0x1e7 Drivers/STM32F3xx_HAL_Driver/Src/stm32f3xx_hal.o
 .debug_macro   0x000000000001ef1f      0x1c3 Drivers/STM32F3xx_HAL_Driver/Src/stm32f3xx_hal_cortex.o
 .debug_macro   0x000000000001f0e2      0x1fb Drivers/STM32F3xx_HAL_Driver/Src/stm32f3xx_hal_gpio.o
 .debug_macro   0x000000000001f2dd      0x1e7 Drivers/STM32F3xx_HAL_Driver/Src/stm32f3xx_hal_rcc.o
 .debug_macro   0x000000000001f4c4      0x1c3 Drivers/STM32F3xx_HAL_Driver/Src/stm32f3xx_hal_rcc_ex.o
 .debug_macro   0x000000000001f687      0x1e0 Drivers/STM32F3xx_HAL_Driver/Src/stm32f3xx_hal_uart.o

.debug_line     0x0000000000000000     0x6603
 .debug_line    0x0000000000000000      0xac6 Core/Src/main.o
 .debug_line    0x0000000000000ac6      0x6eb Core/Src/stm32f3xx_hal_msp.o
 .debug_line    0x00000000000011b1      0x763 Core/Src/stm32f3xx_it.o
 .debug_line    0x0000000000001914      0x6da Core/Src/system_stm32f3xx.o
 .debug_line    0x0000000000001fee       0x88 Core/Startup/startup_stm32f303retx.o
 .debug_line    0x0000000000002076      0x896 Drivers/STM32F3xx_HAL_Driver/Src/stm32f3xx_hal.o
 .debug_line    0x000000000000290c      0x9cb Drivers/STM32F3xx_HAL_Driver/Src/stm32f3xx_hal_cortex.o
 .debug_line    0x00000000000032d7      0x871 Drivers/STM32F3xx_HAL_Driver/Src/stm32f3xx_hal_gpio.o
 .debug_line    0x0000000000003b48      0xe11 Drivers/STM32F3xx_HAL_Driver/Src/stm32f3xx_hal_rcc.o
 .debug_line    0x0000000000004959      0xa39 Drivers/STM32F3xx_HAL_Driver/Src/stm32f3xx_hal_rcc_ex.o
 .debug_line    0x0000000000005392     0x1271 Drivers/STM32F3xx_HAL_Driver/Src/stm32f3xx_hal_uart.o

.debug_str      0x0000000000000000    0xc0126
 .debug_str     0x0000000000000000    0xbea81 Core/Src/main.o
                                      0xbf398 (size before relaxing)
 .debug_str     0x00000000000bea81       0x56 Core/Src/stm32f3xx_hal_msp.o
                                      0xba7d2 (size before relaxing)
 .debug_str     0x00000000000bead7       0xbd Core/Src/stm32f3xx_it.o
                                      0xba377 (size before relaxing)
 .debug_str     0x00000000000beb94       0x5f Core/Src/system_stm32f3xx.o
                                      0xba29a (size before relaxing)
 .debug_str     0x00000000000bebf3       0x36 Core/Startup/startup_stm32f303retx.o
                                         0x7d (size before relaxing)
 .debug_str     0x00000000000bec29      0x317 Drivers/STM32F3xx_HAL_Driver/Src/stm32f3xx_hal.o
                                      0xbaaa1 (size before relaxing)
 .debug_str     0x00000000000bef40      0x34f Drivers/STM32F3xx_HAL_Driver/Src/stm32f3xx_hal_cortex.o
                                      0xbabaf (size before relaxing)
 .debug_str     0x00000000000bf28f      0x24b Drivers/STM32F3xx_HAL_Driver/Src/stm32f3xx_hal_gpio.o
                                      0xba578 (size before relaxing)
 .debug_str     0x00000000000bf4da      0x2fc Drivers/STM32F3xx_HAL_Driver/Src/stm32f3xx_hal_rcc.o
                                      0xba70c (size before relaxing)
 .debug_str     0x00000000000bf7d6       0xd8 Drivers/STM32F3xx_HAL_Driver/Src/stm32f3xx_hal_rcc_ex.o
                                      0xba556 (size before relaxing)
 .debug_str     0x00000000000bf8ae      0x878 Drivers/STM32F3xx_HAL_Driver/Src/stm32f3xx_hal_uart.o
                                      0xbaef5 (size before relaxing)

.comment        0x0000000000000000       0x7b
 .comment       0x0000000000000000       0x7b Core/Src/main.o
                                         0x7c (size before relaxing)
 .comment       0x000000000000007b       0x7c Core/Src/stm32f3xx_hal_msp.o
 .comment       0x000000000000007b       0x7c Core/Src/stm32f3xx_it.o
 .comment       0x000000000000007b       0x7c Core/Src/system_stm32f3xx.o
 .comment       0x000000000000007b       0x7c Drivers/STM32F3xx_HAL_Driver/Src/stm32f3xx_hal.o
 .comment       0x000000000000007b       0x7c Drivers/STM32F3xx_HAL_Driver/Src/stm32f3xx_hal_cortex.o
 .comment       0x000000000000007b       0x7c Drivers/STM32F3xx_HAL_Driver/Src/stm32f3xx_hal_gpio.o
 .comment       0x000000000000007b       0x7c Drivers/STM32F3xx_HAL_Driver/Src/stm32f3xx_hal_rcc.o
 .comment       0x000000000000007b       0x7c Drivers/STM32F3xx_HAL_Driver/Src/stm32f3xx_hal_rcc_ex.o
 .comment       0x000000000000007b       0x7c Drivers/STM32F3xx_HAL_Driver/Src/stm32f3xx_hal_uart.o

.debug_frame    0x0000000000000000     0x1c64
 .debug_frame   0x0000000000000000      0x278 Core/Src/main.o
 .debug_frame   0x0000000000000278       0x7c Core/Src/stm32f3xx_hal_msp.o
 .debug_frame   0x00000000000002f4      0x104 Core/Src/stm32f3xx_it.o
 .debug_frame   0x00000000000003f8       0x58 Core/Src/system_stm32f3xx.o
 .debug_frame   0x0000000000000450      0x334 Drivers/STM32F3xx_HAL_Driver/Src/stm32f3xx_hal.o
 .debug_frame   0x0000000000000784      0x498 Drivers/STM32F3xx_HAL_Driver/Src/stm32f3xx_hal_cortex.o
 .debug_frame   0x0000000000000c1c      0x14c Drivers/STM32F3xx_HAL_Driver/Src/stm32f3xx_hal_gpio.o
 .debug_frame   0x0000000000000d68      0x214 Drivers/STM32F3xx_HAL_Driver/Src/stm32f3xx_hal_rcc.o
 .debug_frame   0x0000000000000f7c       0xb4 Drivers/STM32F3xx_HAL_Driver/Src/stm32f3xx_hal_rcc_ex.o
 .debug_frame   0x0000000000001030      0x9e0 Drivers/STM32F3xx_HAL_Driver/Src/stm32f3xx_hal_uart.o
 .debug_frame   0x0000000000001a10       0x2c c:/st/stm32cubeide_1.5.1/stm32cubeide/plugins/com.st.stm32cube.ide.mcu.externaltools.gnu-tools-for-stm32.7-2018-q2-update.win32_1.5.0.202011040924/tools/bin/../lib/gcc/arm-none-eabi/7.3.1/../../../../arm-none-eabi/lib/thumb/v7e-m/fpv4-sp/hard\libc_nano.a(lib_a-init.o)
 .debug_frame   0x0000000000001a3c       0x20 c:/st/stm32cubeide_1.5.1/stm32cubeide/plugins/com.st.stm32cube.ide.mcu.externaltools.gnu-tools-for-stm32.7-2018-q2-update.win32_1.5.0.202011040924/tools/bin/../lib/gcc/arm-none-eabi/7.3.1/../../../../arm-none-eabi/lib/thumb/v7e-m/fpv4-sp/hard\libc_nano.a(lib_a-memset.o)
 .debug_frame   0x0000000000001a5c       0xac c:/st/stm32cubeide_1.5.1/stm32cubeide/plugins/com.st.stm32cube.ide.mcu.externaltools.gnu-tools-for-stm32.7-2018-q2-update.win32_1.5.0.202011040924/tools/bin/../lib/gcc/arm-none-eabi/7.3.1/thumb/v7e-m/fpv4-sp/hard\libgcc.a(_arm_addsubdf3.o)
 .debug_frame   0x0000000000001b08       0x50 c:/st/stm32cubeide_1.5.1/stm32cubeide/plugins/com.st.stm32cube.ide.mcu.externaltools.gnu-tools-for-stm32.7-2018-q2-update.win32_1.5.0.202011040924/tools/bin/../lib/gcc/arm-none-eabi/7.3.1/thumb/v7e-m/fpv4-sp/hard\libgcc.a(_arm_muldivdf3.o)
 .debug_frame   0x0000000000001b58       0xc4 c:/st/stm32cubeide_1.5.1/stm32cubeide/plugins/com.st.stm32cube.ide.mcu.externaltools.gnu-tools-for-stm32.7-2018-q2-update.win32_1.5.0.202011040924/tools/bin/../lib/gcc/arm-none-eabi/7.3.1/thumb/v7e-m/fpv4-sp/hard\libgcc.a(_arm_cmpdf2.o)
 .debug_frame   0x0000000000001c1c       0x24 c:/st/stm32cubeide_1.5.1/stm32cubeide/plugins/com.st.stm32cube.ide.mcu.externaltools.gnu-tools-for-stm32.7-2018-q2-update.win32_1.5.0.202011040924/tools/bin/../lib/gcc/arm-none-eabi/7.3.1/thumb/v7e-m/fpv4-sp/hard\libgcc.a(_arm_fixdfsi.o)
 .debug_frame   0x0000000000001c40       0x24 c:/st/stm32cubeide_1.5.1/stm32cubeide/plugins/com.st.stm32cube.ide.mcu.externaltools.gnu-tools-for-stm32.7-2018-q2-update.win32_1.5.0.202011040924/tools/bin/../lib/gcc/arm-none-eabi/7.3.1/thumb/v7e-m/fpv4-sp/hard\libgcc.a(_arm_fixunsdfsi.o)
